[     224ms] Uncaught ReferenceError: eventHandler is not defined
    at set (https://static.licdn.com/aero-v1/sc/h/exdeo2d1ss86t1p4bck1mroh2:1:1009376)
    at <anonymous> (https://static.licdn.com/aero-v1/sc/h/exdeo2d1ss86t1p4bck1mroh2:1:1006973)
[     225ms] Uncaught TypeError: Cannot read properties of null (reading 'name')
    at <anonymous> (https://static.licdn.com/aero-v1/sc/h/e3e60132l1nth7qg6js89spdn:0:176022)
[     950ms] [ERROR] Failed to load resource: the server responded with a status of 999 () @ https://pk.linkedin.com/in/saeedullah14319:0
[    1456ms] [VERBOSE] [DOM] Input elements should have autocomplete attributes (suggested: "username"): (More info: https://goo.gl/9p2vKq) %o @ https://www.linkedin.com/authwall?trk=bf&trkInfo=AQFjbSeoy0EycQAAAaDYSM2IBkN4Bh5Bll70pwMSVjM9MtLPM2f5R2UixijJYNLEpuxR5cQDsi0O1JsqfRN5gvIddjxLNpU6uGqepF7NYiyy3NydIMratkOwVLQRV97r3kMfRo4=&original_referer=&sessionRedirect=https%3A%2F%2Fpk.linkedin.com%2Fin%2Fsaeedullah14319:0
[    1680ms] [WARNING] Element with id: dust-var-locale not found @ https://static.licdn.com/aero-v1/sc/h/exdeo2d1ss86t1p4bck1mroh2:1
[    1734ms] [WARNING] [GSI_LOGGER]: Your client application may not display the Google One Tap in its default position. When FedCM becomes mandatory, One Tap only displays in the default position. Refer to the migration guide to update your code accordingly and opt-in to FedCM to test your changes. Learn more: https://developers.google.com/identity/gsi/web/guides/fedcm-migration?s=dc#layout @ https://static.licdn.com/aero-v1/sc/h/29rdkxlvag0d3cpj96fiilbju:168
[    1734ms] [WARNING] [GSI_LOGGER]: Your client application uses one of the Google One Tap prompt UI status methods that may stop functioning when FedCM becomes mandatory. Refer to the migration guide to update your code accordingly and opt-in to FedCM to test your changes. Learn more: https://developers.google.com/identity/gsi/web/guides/fedcm-migration?s=dc#display_moment and https://developers.google.com/identity/gsi/web/guides/fedcm-migration?s=dc#skipped_moment @ https://static.licdn.com/aero-v1/sc/h/29rdkxlvag0d3cpj96fiilbju:168
[    1735ms] [WARNING] [GSI_LOGGER]: Currently, you disable FedCM on Google One Tap. FedCM for One Tap will become mandatory starting Oct 2024, and you won’t be able to disable it. Refer to the migration guide to update your code accordingly to ensure users will not be blocked from logging in. Learn more: https://developers.google.com/identity/gsi/web/guides/fedcm-migration @ https://static.licdn.com/aero-v1/sc/h/29rdkxlvag0d3cpj96fiilbju:168
[    1738ms] [WARNING] [GSI_LOGGER]: Currently, you disable FedCM on Google One Tap. FedCM for One Tap will become mandatory starting Oct 2024, and you won’t be able to disable it. Refer to the migration guide to update your code accordingly to ensure users will not be blocked from logging in. Learn more: https://developers.google.com/identity/gsi/web/guides/fedcm-migration @ https://static.licdn.com/aero-v1/sc/h/29rdkxlvag0d3cpj96fiilbju:168
[    2597ms] TypeError: Cannot read properties of undefined (reading 'xb')
    at en.u (/_/gsi/_/js/k=gsi.gsi.en_US.EPkq5uimiLE.O/am=AAAAEIIAjCYI/d=1/rs=AF0KOtXm-Lscaw-pyHE1Fq7jJrSrh4-p5Q/m=credential_button_library:317:40)
[    2598ms] TypeError: Cannot read properties of undefined (reading 'xb')
    at en.u (/_/gsi/_/js/k=gsi.gsi.en_US.EPkq5uimiLE.O/am=AAAAEIIAjCYI/d=1/rs=AF0KOtXm-Lscaw-pyHE1Fq7jJrSrh4-p5Q/m=credential_button_library:317:40)
[    3179ms] [WARNING] WARNING: Too many active WebGL contexts. Oldest context will be lost. @ https://www.gstatic.com/recaptcha/releases/kemdRjWFxNjgsGdhRslyEPwU/recaptcha__en.js:803
[    3524ms] Uncaught ReferenceError: eventHandler is not defined
    at set (https://static.licdn.com/aero-v1/sc/h/exdeo2d1ss86t1p4bck1mroh2:1:1009376)
    at <anonymous> (https://static.licdn.com/aero-v1/sc/h/exdeo2d1ss86t1p4bck1mroh2:1:1006973)
[    3524ms] Uncaught TypeError: Cannot read properties of null (reading 'name')
    at <anonymous> (https://static.licdn.com/aero-v1/sc/h/e3e60132l1nth7qg6js89spdn:0:176022)
[    3550ms] [WARNING] WARNING: Too many active WebGL contexts. Oldest context will be lost. @ https://www.gstatic.com/recaptcha/releases/kemdRjWFxNjgsGdhRslyEPwU/recaptcha__en.js:803
